// Jest Snapshot v1, https://goo.gl/fbAQLP

exports[`<FilterOptions /> renders properly 1`] = `
<div
  className="rscfilter-field__options bg-white border"
>
  <div
    aria-checked={false}
    className="rscfilter-option"
    key="API"
    onClick={[Function]}
    onKeyPress={[Function]}
    onKeyUp={[Function]}
    role="checkbox"
    tabIndex="0"
  >
    <div
      className="rscfilter-option__checkbox"
    />
    <span
      className="rscfilter-option__label"
    >
      API
    </span>
  </div>
  <div
    aria-checked={false}
    className="rscfilter-option"
    key="Application"
    onClick={[Function]}
    onKeyPress={[Function]}
    onKeyUp={[Function]}
    role="checkbox"
    tabIndex="0"
  >
    <div
      className="rscfilter-option__checkbox"
    />
    <span
      className="rscfilter-option__label"
    >
      Application
    </span>
  </div>
  <div
    aria-checked={false}
    className="rscfilter-option"
    key="Document"
    onClick={[Function]}
    onKeyPress={[Function]}
    onKeyUp={[Function]}
    role="checkbox"
    tabIndex="0"
  >
    <div
      className="rscfilter-option__checkbox"
    />
    <span
      className="rscfilter-option__label"
    >
      Document
    </span>
  </div>
  <div
    aria-checked={false}
    className="rscfilter-option"
    key="Model"
    onClick={[Function]}
    onKeyPress={[Function]}
    onKeyUp={[Function]}
    role="checkbox"
    tabIndex="0"
  >
    <div
      className="rscfilter-option__checkbox"
    />
    <span
      className="rscfilter-option__label"
    >
      Model
    </span>
  </div>
  <div
    aria-checked={false}
    className="rscfilter-option"
    key="Pin"
    onClick={[Function]}
    onKeyPress={[Function]}
    onKeyUp={[Function]}
    role="checkbox"
    tabIndex="0"
  >
    <div
      className="rscfilter-option__checkbox"
    />
    <span
      className="rscfilter-option__label"
    >
      Pin
    </span>
  </div>
</div>
`;
