// Jest Snapshot v1, https://goo.gl/fbAQLP

exports[`<Filter /> renders properly, setup state and crosstalk handle 1`] = `
<ContextProvider
  value={
    Object {
      "crosstalkHandle": Object {
        "clear": [MockFunction],
        "on": [MockFunction],
        "set": [MockFunction],
        "setGroup": [MockFunction] {
          "calls": Array [
            Array [
              "abcd-1234",
            ],
          ],
          "results": Array [
            Object {
              "type": "return",
              "value": undefined,
            },
          ],
        },
      },
      "dataKeys": Array [
        1,
        2,
        3,
        4,
        5,
        6,
        7,
        8,
      ],
      "options": Object {
        "owner": Array [
          Object {
            "applicableRows": Array [
              2,
            ],
            "filterType": "owner",
            "index": 0,
            "isSelected": false,
            "label": "automata",
            "name": "automata",
          },
          Object {
            "applicableRows": Array [
              6,
            ],
            "filterType": "owner",
            "index": 1,
            "isSelected": false,
            "label": "autoreporter009",
            "name": "autoreporter009",
          },
          Object {
            "applicableRows": Array [
              7,
            ],
            "filterType": "owner",
            "index": 2,
            "isSelected": false,
            "label": "brucebowtie",
            "name": "brucebowtie",
          },
          Object {
            "applicableRows": Array [
              0,
              4,
            ],
            "filterType": "owner",
            "index": 3,
            "isSelected": false,
            "label": "jzcarpenter",
            "name": "jzcarpenter",
          },
          Object {
            "applicableRows": Array [
              1,
              3,
              5,
            ],
            "filterType": "owner",
            "index": 4,
            "isSelected": false,
            "label": "reporterfrank",
            "name": "reporterfrank",
          },
        ],
        "tag": Array [
          Object {
            "applicableRows": Array [
              7,
            ],
            "filterType": "tag",
            "index": 0,
            "isSelected": false,
            "label": "alpine",
            "name": "alpine",
          },
          Object {
            "applicableRows": Array [
              0,
            ],
            "filterType": "tag",
            "index": 1,
            "isSelected": false,
            "label": "carrot",
            "name": "carrot",
          },
          Object {
            "applicableRows": Array [
              7,
            ],
            "filterType": "tag",
            "index": 2,
            "isSelected": false,
            "label": "distros",
            "name": "distros",
          },
          Object {
            "applicableRows": Array [
              2,
              5,
            ],
            "filterType": "tag",
            "index": 3,
            "isSelected": false,
            "label": "fruits",
            "name": "fruits",
          },
          Object {
            "applicableRows": Array [
              6,
            ],
            "filterType": "tag",
            "index": 4,
            "isSelected": false,
            "label": "minerals",
            "name": "minerals",
          },
          Object {
            "applicableRows": Array [
              3,
            ],
            "filterType": "tag",
            "index": 5,
            "isSelected": false,
            "label": "nutrition",
            "name": "nutrition",
          },
          Object {
            "applicableRows": Array [
              1,
              2,
            ],
            "filterType": "tag",
            "index": 6,
            "isSelected": false,
            "label": "orange",
            "name": "orange",
          },
          Object {
            "applicableRows": Array [
              6,
            ],
            "filterType": "tag",
            "index": 7,
            "isSelected": false,
            "label": "other",
            "name": "other",
          },
          Object {
            "applicableRows": Array [
              5,
            ],
            "filterType": "tag",
            "index": 8,
            "isSelected": false,
            "label": "strawberry",
            "name": "strawberry",
          },
          Object {
            "applicableRows": Array [
              0,
            ],
            "filterType": "tag",
            "index": 9,
            "isSelected": false,
            "label": "vegetables",
            "name": "vegetables",
          },
          Object {
            "applicableRows": Array [
              3,
            ],
            "filterType": "tag",
            "index": 10,
            "isSelected": false,
            "label": "vitamin B",
            "name": "vitamin B",
          },
          Object {
            "applicableRows": Array [
              0,
              3,
            ],
            "filterType": "tag",
            "index": 11,
            "isSelected": false,
            "label": "vitamin D",
            "name": "vitamin D",
          },
          Object {
            "applicableRows": Array [
              4,
            ],
            "filterType": "tag",
            "index": 12,
            "isSelected": false,
            "label": "watermelon",
            "name": "watermelon",
          },
          Object {
            "applicableRows": Array [
              6,
            ],
            "filterType": "tag",
            "index": 13,
            "isSelected": false,
            "label": "zinc",
            "name": "zinc",
          },
        ],
        "type": Array [
          Object {
            "applicableRows": Array [
              1,
              6,
            ],
            "filterType": "type",
            "index": 0,
            "isSelected": false,
            "label": "API",
            "name": "API",
          },
          Object {
            "applicableRows": Array [
              2,
              3,
              7,
            ],
            "filterType": "type",
            "index": 1,
            "isSelected": false,
            "label": "Application",
            "name": "Application",
          },
          Object {
            "applicableRows": Array [
              0,
              4,
            ],
            "filterType": "type",
            "index": 2,
            "isSelected": false,
            "label": "Document",
            "name": "Document",
          },
          Object {
            "applicableRows": Array [
              5,
            ],
            "filterType": "type",
            "index": 3,
            "isSelected": false,
            "label": "Pin",
            "name": "Pin",
          },
        ],
      },
      "resetFilters": [Function],
      "searchFieldOptions": [Function],
      "selections": Object {
        "owner": Array [],
        "tag": Array [],
        "type": Array [],
      },
      "showPane": false,
      "stateOptionsFor": [Function],
      "stateSelectionsFor": [Function],
      "updateSelection": [Function],
    }
  }
>
  <div
    className="rscfilter"
  >
    <button
      className="rscfilter__toggle"
      onClick={[Function]}
    >
      Filter
      <span
        className="rscfilter__count badge rounded-pill bg-primary"
      />
    </button>
    <FilterFieldsPane
      isActive={false}
    />
  </div>
</ContextProvider>
`;
